[2026-10-09T15:20:14.046+0000] {local_task_job_runner.py:123} INFO - ::group::Pre task execution logs
[2026-10-09T15:20:14.056+0000] {taskinstance.py:2614} INFO - Dependencies all met for dep_context=non-requeueable deps ti=<TaskInstance: retail_daily_pipeline.ingest_raw evidence_deliberate-failure_20261009T151907 [queued]>
[2026-10-09T15:20:14.059+0000] {taskinstance.py:2614} INFO - Dependencies all met for dep_context=requeueable deps ti=<TaskInstance: retail_daily_pipeline.ingest_raw evidence_deliberate-failure_20261009T151907 [queued]>
[2026-10-09T15:20:14.059+0000] {taskinstance.py:2867} INFO - Starting attempt 2 of 3
[2026-10-09T15:20:14.063+0000] {taskinstance.py:2890} INFO - Executing <Task(BashOperator): ingest_raw> on 2026-10-09 15:19:10+00:00
[2026-10-09T15:20:14.064+0000] {standard_task_runner.py:72} INFO - Started process 310 to run task
[2026-10-09T15:20:14.066+0000] {standard_task_runner.py:104} INFO - Running: ['airflow', 'tasks', 'run', 'retail_daily_pipeline', 'ingest_raw', 'evidence_deliberate-failure_20261009T151907', '--job-id', '63', '--raw', '--subdir', 'DAGS_FOLDER/retail_pipeline.py', '--cfg-path', '/tmp/tmpz1gv1_32']
[2026-10-09T15:20:14.067+0000] {standard_task_runner.py:105} INFO - Job 63: Subtask ingest_raw
[2026-10-09T15:20:14.086+0000] {task_command.py:467} INFO - Running <TaskInstance: retail_daily_pipeline.ingest_raw evidence_deliberate-failure_20261009T151907 [running]> on host 1a84dd146c04
[2026-10-09T15:20:14.117+0000] {taskinstance.py:3134} INFO - Exporting env vars: AIRFLOW_CTX_DAG_OWNER='data-engineering' AIRFLOW_CTX_DAG_ID='retail_daily_pipeline' AIRFLOW_CTX_TASK_ID='ingest_raw' AIRFLOW_CTX_EXECUTION_DATE='2026-10-09T15:19:10+00:00' AIRFLOW_CTX_TRY_NUMBER='2' AIRFLOW_CTX_DAG_RUN_ID='evidence_deliberate-failure_20261009T151907'
[2026-10-09T15:20:14.117+0000] {taskinstance.py:732} INFO - ::endgroup::
[2026-10-09T15:20:14.123+0000] {subprocess.py:78} INFO - Tmp dir root location: /tmp
[2026-10-09T15:20:14.124+0000] {subprocess.py:88} INFO - Running command: ['/usr/bin/bash', '-c', "cd /opt/airflow/project && python -m pipeline.ingest --logical-date '2026-01-03'"]
[2026-10-09T15:20:14.127+0000] {subprocess.py:99} INFO - Output:
[2026-10-09T15:20:14.218+0000] {subprocess.py:106} INFO - Traceback (most recent call last):
[2026-10-09T15:20:14.218+0000] {subprocess.py:106} INFO -   File "<frozen runpy>", line 198, in _run_module_as_main
[2026-10-09T15:20:14.219+0000] {subprocess.py:106} INFO -   File "<frozen runpy>", line 88, in _run_code
[2026-10-09T15:20:14.221+0000] {subprocess.py:106} INFO -   File "/opt/airflow/project/pipeline/ingest.py", line 72, in <module>
[2026-10-09T15:20:14.221+0000] {subprocess.py:106} INFO -     ingest(args.logical_date, args.input_root)
[2026-10-09T15:20:14.221+0000] {subprocess.py:106} INFO -   File "/opt/airflow/project/pipeline/ingest.py", line 48, in ingest
[2026-10-09T15:20:14.221+0000] {subprocess.py:106} INFO -     raise RuntimeError("Deliberate ingestion failure: FORCE_INGEST_FAILURE=true")
[2026-10-09T15:20:14.221+0000] {subprocess.py:106} INFO - RuntimeError: Deliberate ingestion failure: FORCE_INGEST_FAILURE=true
[2026-10-09T15:20:14.222+0000] {subprocess.py:110} INFO - Command exited with return code 1
[2026-10-09T15:20:14.228+0000] {taskinstance.py:3313} ERROR - Task failed with exception
Traceback (most recent call last):
  File "/home/airflow/.local/lib/python3.11/site-packages/airflow/models/taskinstance.py", line 768, in _execute_task
    result = _execute_callable(context=context, **execute_callable_kwargs)
             ^^^^^^^^^^^^^^^^^^^^^^^^^^^^^^^^^^^^^^^^^^^^^^^^^^^^^^^^^^^^^
  File "/home/airflow/.local/lib/python3.11/site-packages/airflow/models/taskinstance.py", line 734, in _execute_callable
    return ExecutionCallableRunner(
           ^^^^^^^^^^^^^^^^^^^^^^^^
  File "/home/airflow/.local/lib/python3.11/site-packages/airflow/utils/operator_helpers.py", line 252, in run
    return self.func(*args, **kwargs)
           ^^^^^^^^^^^^^^^^^^^^^^^^^^
  File "/home/airflow/.local/lib/python3.11/site-packages/airflow/models/baseoperator.py", line 424, in wrapper
    return func(self, *args, **kwargs)
           ^^^^^^^^^^^^^^^^^^^^^^^^^^^
  File "/home/airflow/.local/lib/python3.11/site-packages/airflow/operators/bash.py", line 276, in execute
    raise AirflowException(
airflow.exceptions.AirflowException: Bash command failed. The command returned a non-zero exit code 1.
[2026-10-09T15:20:14.230+0000] {taskinstance.py:1226} INFO - Marking task as UP_FOR_RETRY. dag_id=retail_daily_pipeline, task_id=ingest_raw, run_id=evidence_deliberate-failure_20261009T151907, execution_date=20261009T151910, start_date=20261009T152014, end_date=20261009T152014
[2026-10-09T15:20:14.242+0000] {taskinstance.py:341} INFO - ::group::Post task execution logs
[2026-10-09T15:20:14.242+0000] {standard_task_runner.py:124} ERROR - Failed to execute job 63 for task ingest_raw (Bash command failed. The command returned a non-zero exit code 1.; 310)
Traceback (most recent call last):
  File "/home/airflow/.local/lib/python3.11/site-packages/airflow/task/task_runner/standard_task_runner.py", line 117, in _start_by_fork
    ret = args.func(args, dag=self.dag)
          ^^^^^^^^^^^^^^^^^^^^^^^^^^^^^
  File "/home/airflow/.local/lib/python3.11/site-packages/airflow/cli/cli_config.py", line 49, in command
    return func(*args, **kwargs)
           ^^^^^^^^^^^^^^^^^^^^^
  File "/home/airflow/.local/lib/python3.11/site-packages/airflow/utils/cli.py", line 116, in wrapper
    return f(*args, **kwargs)
           ^^^^^^^^^^^^^^^^^^
  File "/home/airflow/.local/lib/python3.11/site-packages/airflow/cli/commands/task_command.py", line 483, in task_run
    task_return_code = _run_task_by_selected_method(args, _dag, ti)
                       ^^^^^^^^^^^^^^^^^^^^^^^^^^^^^^^^^^^^^^^^^^^^
  File "/home/airflow/.local/lib/python3.11/site-packages/airflow/cli/commands/task_command.py", line 256, in _run_task_by_selected_method
    return _run_raw_task(args, ti)
           ^^^^^^^^^^^^^^^^^^^^^^^
  File "/home/airflow/.local/lib/python3.11/site-packages/airflow/cli/commands/task_command.py", line 341, in _run_raw_task
    return ti._run_raw_task(
           ^^^^^^^^^^^^^^^^^
  File "/home/airflow/.local/lib/python3.11/site-packages/airflow/utils/session.py", line 97, in wrapper
    return func(*args, session=session, **kwargs)
           ^^^^^^^^^^^^^^^^^^^^^^^^^^^^^^^^^^^^^^
  File "/home/airflow/.local/lib/python3.11/site-packages/airflow/models/taskinstance.py", line 3006, in _run_raw_task
    return _run_raw_task(
           ^^^^^^^^^^^^^^
  File "/home/airflow/.local/lib/python3.11/site-packages/airflow/models/taskinstance.py", line 274, in _run_raw_task
    TaskInstance._execute_task_with_callbacks(
  File "/home/airflow/.local/lib/python3.11/site-packages/airflow/models/taskinstance.py", line 3161, in _execute_task_with_callbacks
    result = self._execute_task(context, task_orig)
             ^^^^^^^^^^^^^^^^^^^^^^^^^^^^^^^^^^^^^^
  File "/home/airflow/.local/lib/python3.11/site-packages/airflow/models/taskinstance.py", line 3185, in _execute_task
    return _execute_task(self, context, task_orig)
           ^^^^^^^^^^^^^^^^^^^^^^^^^^^^^^^^^^^^^^^
  File "/home/airflow/.local/lib/python3.11/site-packages/airflow/models/taskinstance.py", line 768, in _execute_task
    result = _execute_callable(context=context, **execute_callable_kwargs)
             ^^^^^^^^^^^^^^^^^^^^^^^^^^^^^^^^^^^^^^^^^^^^^^^^^^^^^^^^^^^^^
  File "/home/airflow/.local/lib/python3.11/site-packages/airflow/models/taskinstance.py", line 734, in _execute_callable
    return ExecutionCallableRunner(
           ^^^^^^^^^^^^^^^^^^^^^^^^
  File "/home/airflow/.local/lib/python3.11/site-packages/airflow/utils/operator_helpers.py", line 252, in run
    return self.func(*args, **kwargs)
           ^^^^^^^^^^^^^^^^^^^^^^^^^^
  File "/home/airflow/.local/lib/python3.11/site-packages/airflow/models/baseoperator.py", line 424, in wrapper
    return func(self, *args, **kwargs)
           ^^^^^^^^^^^^^^^^^^^^^^^^^^^
  File "/home/airflow/.local/lib/python3.11/site-packages/airflow/operators/bash.py", line 276, in execute
    raise AirflowException(
airflow.exceptions.AirflowException: Bash command failed. The command returned a non-zero exit code 1.
[2026-10-09T15:20:14.279+0000] {local_task_job_runner.py:266} INFO - Task exited with return code 1
[2026-10-09T15:20:14.289+0000] {taskinstance.py:3901} INFO - 0 downstream tasks scheduled from follow-on schedule check
[2026-10-09T15:20:14.290+0000] {local_task_job_runner.py:245} INFO - ::endgroup::
